[
  {
    "message": "oslo.messaging._drivers.impl_rabbit [-] [76ff78aa-c627-4858-9e9e-33bb74ee97aa] AMQP server on 10.218.15.43:5672 is unreachable: [Errno 111] ECONNREFUSED. Trying again in 1 seconds.: ConnectionRefusedError: [Errno 111] ECONNREFUSED"
  },
  {
    "input_message": "Lorem Ipsum Lorem Ipsum Lorem Ipsum",
    "output_message": "Lorem Ipsum Lorem Ipsum Lorem Ipsum"
  },
  {
    "input_message": "DEBUG:prometheus_webhook_snmp.utils:Receiving notification: {'receiver': 'default-receiver', 'status': 'firing', 'alerts': [{'status': 'firing', 'labels': {'alertname': 'HostOutOfDiskSpaceRootWarning', 'device': '/dev/vda1', 'fstype': 'ext4', 'instance': '10.100.63.14:9100', 'job': 'node', 'mountpoint': '/', 'severity': 'warning'}, 'annotations': {'description': 'The host root disk available space is less than 15% (7.930775973250502%).', 'summary': 'Host 10.100.63.14:9100 is out of disk space'}, 'startsAt': '2024-11-25T23:55:16.8Z', 'endsAt': '2024-11-25T23:59:16.8Z', 'generatorURL': 'http://10.100.63.127:9091/graph?g0.expr=%28node_filesystem_avail_bytes%7Bmountpoint%3D%22%2F%22%7D+%2A+100%29+%2F+node_filesystem_size_bytes%7Bmountpoint%3D%22%2F%22%7D+%3C+15&g0.tab=1', 'fingerprint': '4eecf2006ca819a6'}], 'groupLabels': {}, 'commonLabels': {'alertname': 'HostOutOfDiskSpaceRootWarning', 'device': '/dev/vda1', 'fstype': 'ext4', 'instance': '10.100.63.14:9100', 'job': 'node', 'mountpoint': '/', 'severity': 'warning'}, 'commonAnnotations': {'description': 'The host root disk available space is less than 15% (7.930775973250502%).', 'summary': 'Host 10.100.63.14:9100 is out of disk space'}, 'externalURL': 'http://10.100.63.127:9093', 'version': '4', 'groupKey': '{}:{}', 'truncatedAlerts': 0}",
    "output_message": "DEBUG:prometheus_webhook_snmp.utils:Receiving notification: {'receiver': 'default-receiver', 'status': 'firing', 'alerts': [{'status': 'firing', 'labels': {'alertname': 'HostOutOfDiskSpaceRootWarning', 'device': '/dev/vda1', 'fstype': 'ext4', 'instance': '10.100.63.14:9100', 'job': 'node', 'mountpoint': '/', 'severity': 'warning'}, 'annotations': {'description': 'The host root disk available space is less than 15% (7.930775973250502%).', 'summary': 'Host 10.100.63.14:9100 is out of disk space'}, 'startsAt': '2024-11-25T23:55:16.8Z', 'endsAt': '2024-11-25T23:59:16.8Z', 'generatorURL': 'http://10.100.63.127:9091/graph?g0.expr=%28node_filesystem_avail_bytes%7Bmountpoint%3D%22%2F%22%7D+%2A+100%29+%2F+node_filesystem_size_bytes%7Bmountpoint%3D%22%2F%22%7D+%3C+15&g0.tab=1', 'fingerprint': '4eecf2006ca819a6'}], 'groupLabels': {}, 'commonLabels': {'alertname': 'HostOutOfDiskSpaceRootWarning', 'device': '/dev/vda1', 'fstype': 'ext4', 'instance': '10.100.63.14:9100', 'job': 'node', 'mountpoint': '/', 'severity': 'warning'}, 'commonAnnotations': {'description': 'The host root disk available space is less than 15% (7.930775973250502%).', 'summary': 'Host 10.100.63.14:9100 is out of disk space'}, 'externalURL': 'http://10.100.63.127:9093', 'version': '4', 'groupKey': '{}:{}', 'truncatedAlerts': 0}",
    "faulty_log_length": {"length": 1305, "max_length": 1000}
  }
]