[
  {
    "input_message": "Lorem Ipsum /home/john-doe Lorem Ipsum",
    "output_message": "Lorem Ipsum <PATH> Lorem Ipsum"
  },
  {
    "input_message": "Lorem Ipsum /home/jane-doe Lorem Ipsum",
    "output_message": "Lorem Ipsum <PATH> Lorem Ipsum"
  }
]